* Microsoft COBOL Version 4.5        L2.4 revision 002 03-Mar-13 16:06 Page   1
*                                       EX04.CBL
* Options: LIST(EX04.LST) ASMLIST(EX04.GRP)
     1 IDENTIFICATION DIVISION.
     2     PROGRAM-ID.          EX04.
     3     AUTHOR.              CLEDIR JUSTO.
     4     INSTALLATION.        FATEC-SP.
     5     DATE-WRITTEN.        03/03/2013.
     6     DATE-COMPILED.
     7     SECURITY.
     8
     9 ENVIRONMENT DIVISION.
    10 CONFIGURATION SECTION.
    11 SOURCE-COMPUTER.         IBM-PC.
    12 OBJECT-COMPUTER.         IBM-PC.
    13 SPECIAL-NAMES.           DECIMAL-POINT IS COMMA.
    14
    15 INPUT-OUTPUT SECTION.
    16 FILE-CONTROL.
    17     SELECT CADCLI1 ASSIGN TO DISK
    18     ORGANIZATION IS LINE SEQUENTIAL.
    19     SELECT CADCLI2 ASSIGN TO DISK
    20     ORGANIZATION IS LINE SEQUENTIAL.
    21
    22 DATA DIVISION.
    23 FILE SECTION.
    24 FD CADCLI1
    25     LABEL RECORD ARE STANDARD
    26     VALUE OF FILE-ID IS "CADCLI1.DAT".
    27
    28 01 REG-ENT.
    29     02 COD-ENT           PIC 9(05).
    30     02 NOME-ENT          PIC X(20).
    31     02 SEXO              PIC X(01).
    32
    33 FD CADCLI2
    34     LABEL RECORD ARE STANDARD
    35     VALUE OF FILE-ID IS "CADCLI2.DAT".
    36
    37 01 REG-SAI.
    38     02 COD-SAI           PIC 9(05).
    39     02 NOME-SAI          PIC X(20).
    40
    41     WORKING-STORAGE SECTION.
    42     77 FIM-ARQ           PIC X(03) VALUE "NAO".
    43
    44 PROCEDURE DIVISION.
    45
    46 PGM-EXE04.
    47     PERFORM INICIO.
    48     PERFORM PRINCIPAL
    49       UNTIL FIM-ARQ EQUAL "SIM".
    50
    51     PERFORM TERMINO.
    52
    53 STOP RUN.
    54
    55 INICIO.
    56
    57     OPEN INPUT CADCLI1
* Microsoft COBOL Version 4.5        L2.4 revision 002 03-Mar-13 16:06 Page   2
*                                       EX04.CBL
    58          OUTPUT CADCLI2.
    59     PERFORM LEITURA.
    60
    61 LEITURA.
    62     READ CADCLI1
    63     AT END
    64     MOVE "SIM" TO FIM-ARQ.
    65
    66 PRINCIPAL.
    67     PERFORM SELECAO.
    68     PERFORM LEITURA.
    69
    70 SELECAO.
    71     IF SEXO EQUAL "M" OR "m"
    72     PERFORM GRAVACAO.
    73
    74 GRAVACAO.
    75     MOVE COD-ENT TO COD-SAI.
    76     MOVE NOME-ENT TO NOME-SAI.
    77     WRITE REG-SAI.
    78
    79 TERMINO.
    80     CLOSE   CADCLI1
    81             CADCLI2.
* Microsoft COBOL Version 4.5        L2.4 revision 002
* (C)Copyright Microsoft Corp 1984, 1991       URN AXUPA/MS0/000000
*                                              REF GNB-024050002A7
*
* Total Messages:     0
* Data:        1016     Code:         330     Dictionary:        1064
